// Jest Snapshot v1, https://goo.gl/fbAQLP

exports[`Login renders correctly 1`] = `
<form
  onSubmit={[Function]}
>
  <div
    className="MuiPaper-root-10 MuiPaper-elevation2-14 MuiPaper-rounded-11 MuiCard-root-9  Login-card-1"
  >
    <div
      className="MuiCardMedia-root-37 Login-media-5"
      src={undefined}
      style={
        Object {
          "backgroundImage": "url(logoeagle.svg)",
        }
      }
      title="Eagle"
    />
    <div
      className="MuiCardContent-root-39"
    >
      <div
        aria-describedby={undefined}
        className="MuiFormControl-root-40 Login-margin-6"
        onBlur={[Function]}
        onFocus={[Function]}
      >
        <label
          className="MuiFormLabel-root-49 MuiInputLabel-root-44 MuiInputLabel-formControl-45 MuiInputLabel-animated-48 MuiInputLabel-shrink-47"
          data-shrink={true}
          htmlFor={undefined}
        >
          Username
        </label>
        <div
          className="MuiInput-root-54 MuiInput-formControl-55 MuiInput-underline-58"
        >
          <div
            className="MuiInputAdornment-root-67 MuiInputAdornment-positionStart-68"
          >
            <svg
              aria-hidden="true"
              className="MuiSvgIcon-root-70"
              color={undefined}
              focusable="false"
              viewBox="0 0 24 24"
            >
              <g>
                <path
                  d="M12 2C6.48 2 2 6.48 2 12s4.48 10 10 10 10-4.48 10-10S17.52 2 12 2zm0 3c1.66 0 3 1.34 3 3s-1.34 3-3 3-3-1.34-3-3 1.34-3 3-3zm0 14.2c-2.5 0-4.71-1.28-6-3.22.03-1.99 4-3.08 6-3.08 1.99 0 5.97 1.09 6 3.08-1.29 1.94-3.5 3.22-6 3.22z"
                />
              </g>
            </svg>
          </div>
          <input
            aria-invalid={false}
            aria-required={false}
            autoComplete={undefined}
            autoFocus={undefined}
            className="MuiInput-input-62"
            defaultValue={undefined}
            disabled={false}
            id={undefined}
            name="username"
            onBlur={[Function]}
            onChange={[Function]}
            onFocus={[Function]}
            onKeyDown={undefined}
            onKeyUp={undefined}
            placeholder={undefined}
            readOnly={undefined}
            required={undefined}
            rows={undefined}
            type="text"
            value="Eagle"
          />
        </div>
      </div>
      <div
        aria-describedby={undefined}
        className="MuiFormControl-root-40 Login-margin-6"
        onBlur={[Function]}
        onFocus={[Function]}
      >
        <label
          className="MuiFormLabel-root-49 MuiInputLabel-root-44 MuiInputLabel-formControl-45 MuiInputLabel-animated-48 MuiInputLabel-shrink-47"
          data-shrink={true}
          htmlFor={undefined}
        >
          Password
        </label>
        <div
          className="MuiInput-root-54 MuiInput-formControl-55 MuiInput-underline-58"
        >
          <div
            className="MuiInputAdornment-root-67 MuiInputAdornment-positionStart-68"
          >
            <svg
              aria-hidden="true"
              className="MuiSvgIcon-root-70"
              color={undefined}
              focusable="false"
              viewBox="0 0 24 24"
            >
              <g>
                <path
                  d="M18 8h-1V6c0-2.76-2.24-5-5-5S7 3.24 7 6v2H6c-1.1 0-2 .9-2 2v10c0 1.1.9 2 2 2h12c1.1 0 2-.9 2-2V10c0-1.1-.9-2-2-2zm-6 9c-1.1 0-2-.9-2-2s.9-2 2-2 2 .9 2 2-.9 2-2 2zm3.1-9H8.9V6c0-1.71 1.39-3.1 3.1-3.1 1.71 0 3.1 1.39 3.1 3.1v2z"
                />
              </g>
            </svg>
          </div>
          <input
            aria-invalid={false}
            aria-required={false}
            autoComplete={undefined}
            autoFocus={undefined}
            className="MuiInput-input-62 MuiInput-inputType-65"
            defaultValue={undefined}
            disabled={false}
            id={undefined}
            name="password"
            onBlur={[Function]}
            onChange={[Function]}
            onFocus={[Function]}
            onKeyDown={undefined}
            onKeyUp={undefined}
            placeholder={undefined}
            readOnly={undefined}
            required={undefined}
            rows={undefined}
            type="password"
            value="eagle"
          />
        </div>
      </div>
    </div>
    <div
      className="MuiCardActions-root-76 Login-actions-7"
    >
      <button
        className="MuiButtonBase-root-93 MuiButton-root-78 MuiButton-raised-83 MuiButton-raisedPrimary-84 MuiButton-sizeSmall-90 Login-right-8"
        disabled={false}
        onBlur={[Function]}
        onFocus={[Function]}
        onKeyDown={[Function]}
        onKeyUp={[Function]}
        onMouseDown={[Function]}
        onMouseLeave={[Function]}
        onMouseUp={[Function]}
        onSubmit={[Function]}
        onTouchEnd={[Function]}
        onTouchMove={[Function]}
        onTouchStart={[Function]}
        tabIndex="0"
        type="submit"
      >
        <span
          className="MuiButton-label-79"
        >
          Login
        </span>
        <span
          className="MuiTouchRipple-root-95"
        />
      </button>
    </div>
  </div>
</form>
`;
